# 不同垃圾收集器总结

## Serial收集器（串行垃圾收集器）

- Serial收集器是最基本、发展历史最悠久的收集器，曾是（JDK1.3.1之前）虚拟机新生代收集的唯一选择。 串行的垃圾收集器有两种，Serial与Serial Old，一般两者搭配使用。新生代采用Serial，是利用复制算法；老年代使用Serial Old采用标记-整理算法。

- Serial收集器是一个单线程的收集器。而且它进行垃圾回收的时候，必须暂停其他所有的工作线程（Stop The World,STW），直到它收集完成。它适合Client模式的应用，在单CPU环境下，它简单高效，由于没有线程交互的开销，专心垃圾收集自然可以获得最高的单线程效率。。

- "-XX:+UseSerialGC"：添加该参数来显式的使用Serial垃圾收集器。

下面是SerialGC日志分析

```
2021-01-21T10:04:19.768+0800: [GC (Allocation Failure) 2021-01-21T10:04:19.768+0800: [DefNew: 139230K->17471K(157248K), 0.0348445 secs] 139230K->43748K(506816K), 0.0354964 secs] [Times: user=0.05 sys=0.05, real=0.04 secs]
GC (Allocation Failure) ： 发生了一次垃圾回收，若前面有Full则表明是Full GC，没有Full的修饰表明这是一次Minor GC 。注意它不表示只GC新生代，括号里的内容是gc发生的原因，这里的Allocation Failure的原因是年轻代中没有足够区域能够存放需要分配的数据而失败。

DefNew:表示使用垃圾收集器为SerialGC，回收了年轻代内存

139230K->17471K(157248K), 0.0348445 secs 垃圾收集前后的年轻代内存使用情况，其中前面的139230kb为gc之前的使用量，17471kb为gc之后的内存使用量。括号里的157248k为该内存区域的总量，0.0348445 secs 表示整个GC持续时间

139230K->43748K(506816K), 0.0354964 secs垃圾收集前后整个堆内存的使用情况，括号里的为整个可以的堆内存的容量。

[Times: user=0.05 sys=0.05, real=0.04 secs]：分别表示用户态耗时，内核态耗时和总耗时。也是对gc耗时的一个记录。
```

## ParallelGC(并行垃圾收集器)

并行垃圾回收相对于串行，是通过多线程运行垃圾收集的。也会stop-the-world。适合Server模式以及多CPU环境。一般会和jdk1.5之后出现的CMS搭配使用。并行的垃圾回收器有以下几种：

- ParNew：Serial收集器的多线程版本，默认开启的收集线程数和cpu数量一样，运行数量可以通过修改ParallelGCThreads设定。用于新生代收集，复制算法。使用-XX:+UseParNewGC,和Serial Old收集器组合进行内存回收。

-  Parallel Scavenge: 关注吞吐量,吞吐量优先，尽快完成程序的运算任务可以设置最大停顿时间MaxGCPauseMillis以及，吞吐量大小GCTimeRatio。如果设置了-XX:+UseAdaptiveSizePolicy参数，则随着GC,会动态调整新生代的大小，Eden,Survivor比例等，以提供最合适的停顿时间或者最大的吞吐量。用于新生代收集，复制算法。通过-XX:+UseParallelGC参数，Server模式下默认提供了其和SerialOld进行搭配的分代收集方式。

- Parllel Old：Parallel Scavenge的老年代版本。JDK 1.6开始提供的。在此之前Parallel Scavenge的地位也很尴尬，而有了Parllel Old之后，通过-XX:+UseParallelOldGC参数使用Parallel Scavenge + Parallel Old器组合进行内存回收。

下面是串行日志分析：

```
2021-01-22T09:49:20.140+0800: [GC (Allocation Failure) [PSYoungGen: 97089K->20233K(116736K)] 384546K->343556K(466432K), 0.0244242 secs] [Times: user=0.03 sys=0.06, real=0.02 secs]
2021-01-22T09:49:20.165+0800: [Full GC (Ergonomics) [PSYoungGen: 20233K->0K(116736K)] [ParOldGen: 323322K->240726K(349696K)] 343556K->240726K(466432K), [Metaspace: 2747K->2747K(1056768K)], 0.0314214 secs] [Times: user=0.08 sys=0.02, real=0.03 secs]

第一条GC日志,由GC可知是mino GC，触发原因是由于年轻代中没有适当的空间存放新的数据引起（Allocation Failure）,本次回收的垃圾收集器是PSYoungGen,采用并行的标记-复制算法，STW的方式进行收集垃圾。年轻代由97089k回收至20233k，此时年轻代总大小为116736k。
整个堆的回收从384546K回收至343556K，此时整个堆的大小为466432k。本次回收时间为0.0244242sec.
第二条GC日志,由GC可知是full GC，触发原因是由于jvm认为需要进行一次fullgc（Ergonomics）,本次回收的垃圾收集器是PSYoungGen,采用并行的标记-复制算法，STW的方式进行收集垃圾。年轻代由20233K回收至0k，此时年轻代总大小为116736k。
老年代垃圾回收器是ParOldGen，采用并行STW垃圾收集器，算法为标记-整理-清除算法，从323322k回收至240726k,整个老年代大小为349696k。
整个堆的回收从384546K回收至343556K，此时整个堆的大小为466432k。本次回收时间为0.0244242sec.
```

## Concurrent Mark and Sweep(并发标记清除)

 CMS（Concurrent Mark Sweep）收集器是一种以获得最短回收停顿时间为目标的收集器。一般搭配PerNew来使用，从名字就能直到其是给予标记-清除算法的。但是它比一般的标记-清除算法要复杂一些。可以通过‐XX:+UseConcMarkSweepGC来开启cms。大体上分为以下4个阶段，但是实际阶段会更加细致一些：

- 初始标记：标记一下GC Roots能直接关联到的对象，会“Stop The World”。

- 并发标记：GC Roots Tracing，可以和用户线程并发执行。

-  重新标记：标记期间产生的对象存活的再次判断，修正对这些对象的标记，执行时间相对并发标记短，会“Stop The World”。

- 并发清除：清除对象,可以和用户线程并发执行。

下面是对日志的详细分析：

```
2021-01-22T10:35:55.189+0800: [GC (Allocation Failure) 2021-01-22T10:35:55.190+0800: [ParNew: 314559K->34944K(314560K), 0.0834118 secs] 598788K->395992K(1013632K), 0.0844003 secs] [Times: user=0.45 sys=0.06, real=0.08 secs]

本次发生的是minoGC,采用的垃圾收集器是PerNew，采用并行的标记-复制算法，也是会STM。与上述ParallelGC中minogc类似。

2021-01-22T10:35:55.274+0800: [GC (CMS Initial Mark) [1 CMS-initial-mark: 361048K(699072K)] 396547K(1013632K), 0.0019163 secs] [Times: user=0.00 sys=0.00, real=0.00 secs]
CMS阶段1：初始标记（STW）。此阶段的目标是标记老年代中所有存活的对象，这里的存活的对象分为两类，第一类是由GC root直接引用的对象，第二类是由年轻代中存活的对象所引用的对象（因为老年代是独立回收的）。
2021-01-22T10:35:55.276+0800: [CMS-concurrent-mark-start]
2021-01-22T10:35:55.281+0800: [CMS-concurrent-mark: 0.004/0.004 secs] [Times: user=0.00 sys=0.00, real=0.00 secs]
CMS阶段2：并发标记，此阶段的持续时间, 分别是运行时间和相应的实际时间。
2021-01-22T10:35:55.282+0800: [CMS-concurrent-preclean-start]
2021-01-22T10:35:55.293+0800: [CMS-concurrent-preclean: 0.001/0.001 secs] [Times: user=0.02 sys=0.00, real=0.01 secs]
CMS阶段3：并发预清理，此阶段的持续时间, 分别是运行时间和对应的实际时间。
2021-01-22T10:35:55.296+0800: [CMS-concurrent-abortable-preclean-start]
2021-01-22T10:35:55.346+0800: [GC (Allocation Failure) 2021-01-22T10:35:55.347+0800: [ParNew2021-01-22T10:35:55.400+0800: [CMS-concurrent-abortable-preclean: 0.001/0.101 secs] [Times: user=0.33 sys=0.05, real=0.10 secs]
: 314560K->34942K(314560K), 0.0753591 secs] 675608K->472698K(1013632K), 0.0765982 secs] [Times: user=0.36 sys=0.03, real=0.08 secs]
CMS阶段4：并发可取消的预清理，此阶段的持续时间, 运行时间和对应的实际时间。有趣的是, 用户时间明显比时钟时间要小很多。通常情况下我们看到的都是时钟时间小于用户时间, 这意味着因为有一些并行工作, 所以运行时间才会小于使用的CPU时间。这里只进行了少量的工作 — 0.167秒的CPU时间,GC线程经历了很多系统等待。从本质上讲,GC线程试图在必须执行 STW暂停之前等待尽可能长的时间。默认条件下,此阶段可以持续最多5秒钟。
2021-01-22T10:35:55.423+0800: [GC (CMS Final Remark) [YG occupancy: 35492 K (314560 K)]2021-01-22T10:35:55.424+0800: [Rescan (parallel) , 0.0004908 secs]2021-01-22T10:35:55.424+0800: [weak refs processing, 0.0001909 secs]2021-01-22T10:35:55.425+0800: [class unloading, 0.0015368 secs]2021-01-22T10:35:55.426+0800: [scrub symbol table, 0.0006520 secs]2021-01-22T10:35:55.427+0800: [scrub string table, 0.0002646 secs][1 CMS-remark: 437756K(699072K)] 473248K(1013632K), 0.0045110 secs] [Times: user=0.00 sys=0.00, real=0.00 secs]
CMS阶段5：final Remark最终标记，该阶段会发生STW：
YG occupancy: 35492 K (314560 K)当前年轻代的使用量和总容量，
Rescan (parallel) , 0.0004908 在程序暂停时重新进行扫描(Rescan),以完成存活对象的标记。此时 rescan 是并行执行的,消耗的时间为0.0085125秒。
weak refs processing, 0.0001909 secs：处理弱引用的第一个子阶段(sub­phases)。显示的是持续时间和开始时间戳。
scrub symbol table, 0.0006520 secs：第二个子阶段, 卸载不使用的类。显示的是持续时间和开始的时间戳
scrub string table, 0.0002646 secs：第三个子阶段, 清理持有class级别 metadata 的符号表(symbol tables),以及内部化字符串对应的 string tables。
437756K(699072K):此阶段完成后老年代的使用量和总容量
473248K(1013632K):此阶段完成后整个堆内存的使用量和总容量
0.0045110 secs:此阶段的持续时间
2021-01-22T10:35:55.429+0800: [CMS-concurrent-sweep-start] 
2021-01-22T10:35:55.437+0800：[CMS-concurrent-sweep: 0.001/0.001 secs] [Times: user=0.00 sys=0.00, real=0.01 secs]
CMS阶段6：Concurrent Sweep(并发清除).此阶段与应用程序并发执行,不需要STW停顿。目的是删除未使用的对象,并收回他们占用的空间。


2021-01-22T10:35:55.440+0800: [CMS-concurrent-reset-start]CMS‐concurrent‐reset: 0.015/0.015 secs
CMS阶段7：Concurrent Reset(并发重置).此阶段与应用程序并发执行,重置CMS算法相关的内部数据, 为下一次GC循环做准备。
```

## G1垃圾收集器

G1从整体看还是基于标记-清除算法的，但是局部上是基于复制算法的。这样就意味者它空间整合做的比较好，因为不会产生空间碎片。G1还是并发与并行的，它能够充分利用多CPU、多核的硬件环境来缩短“stop the world”的时间。G1还是分代收集的，但是G1不再像之前上面的垃圾收集器，需要分代配合不同的垃圾收集器，因为G1中的垃圾收集区域是“分区”（Region）的（一般分为2048个region）。G1的分代收集和以上垃圾收集器不同的就是除了有年轻代的ygc，全堆扫描的full GC外，还有包含所有年轻代以及部分老年代Region的Mixed GC。G1还可预测停顿，通过调整参数，制定垃圾收集的最大停顿时间。

G1收集器的运作大致可以分为以下步骤：初始标记、并发标记、最终标记、筛选回收。其中初始标记阶段仅仅只是标记一下GC Roots能直接关联到的对象，并且修改TAMS（Next Top at Mark Set）的值，让下一个阶段用户程序并发运行时，能在正确可用的Region中创建新对象，这个阶段需要STW，但耗时很短。并发标记阶段是从GC Roots开始对堆中对象进行可达性分析，找到存活的对象，这阶段耗时较长，但是可以和用户线程并发运行。最终标记阶段则是为了修正在并发标记期间因用户程序继续运行而导致标记产生变化的那一部分标记记录，虚拟机将这段时间对象变化记录在线程Remembered Set Logs里面，最终标记需要把Remembered Set Logs的数据合并到Remembered Sets中，这阶段需要暂停线程，但是可并行执行。最后的筛选回收阶段首先对各个Region的回收价值和成本进行排序，根据用户所期望的GC停顿时间来确定回收计划。G1收集器运行示意图如下图所示。

G1的分区有如下表格

| **Eden regions**      | **年轻代-Eden区**     |
| :-------------------- | --------------------- |
| **Survivor regions**  | **年轻代-Survivor区** |
| **Old regions**       | **老年代**            |
| **Humongous regions** | **巨型对象区域**      |
| **Free regions**      | **可用分区**          |

 G1中的巨型对象是指，占用了Region容量的50%以上的一个对象。Humongous区，就专门用来存储巨型对象。如果一个H区装不下一个巨型对象，则会通过连续的若干H分区来存储。因为巨型对象的转移会影响GC效率，所以并发标记阶段发现巨型对象不再存活时，会将其直接回收。ygc也会在某些情况下对巨型对象进行回收。

# 常提到名字总结

| 名词 | 含义 |
| ------ | ------------------------------------------------------------ |
| 吞吐量 | 吞吐量=代码运行时间/(代码运行时间+垃圾收集时间),也就是高效率利用cpu时间。 |
| 并发   | 有多个任务的能力，不一定要同时。                             |
| 并行   | 同时处理多个任务的能力。                                     |

